  ظû▓ Next.js 14.2.15

   Creating an optimized production build ...
node.exe : Failed to compile.
At line:1 char:1
+ & "C:\Program Files\nodejs/node.exe" "C:\Program Files\nodejs/node_mo ...
+ ~~~~~~~~~~~~~~~~~~~~~~~~~~~~~~~~~~~~~~~~~~~~~~~~~~~~~~~~~~~~~~~~~~~~~
    + CategoryInfo          : NotSpecified: (Failed to compile.:String) [], Re 
   moteException
    + FullyQualifiedErrorId : NativeCommandError
 

./app/dashboard/page.tsx
Error: 
  [31mx[0m the name `AuthGuard` is defined multiple times
    
,-[[36;1;4mC:\Users\sulta\Downloads\Baseerah\app\dashboard\page.tsx[0m:21:1]
 [2m21[0m |   YAxis,
 [2m22[0m | } from 'recharts';
 [2m23[0m | import { SiteShell } from '@/components/site-shell';
 [2m24[0m | import { AuthGuard } from '@/components/auth-guard';
    : [31;1m         ^^^^|^^^^[0m
    :              [31;1m`-- [31;1mprevious definition of `AuthGuard` 
here[0m[0m
 [2m25[0m | 
 [2m26[0m | const forecastData = [
 [2m27[0m |   { month: '╪ث╪ذ╪▒┘è┘', cash: 120000, runway: 190 },
 [2m28[0m |   { month: '┘à╪د┘è┘ê', cash: 132000, runway: 205 },
 [2m29[0m |   { month: '┘è┘ê┘┘è┘ê', cash: 118000, runway: 180 },
 [2m30[0m |   { month: '┘è┘ê┘┘è┘ê', cash: 96000, runway: 145 },
 [2m31[0m |   { month: '╪ث╪║╪│╪╖╪│', cash: 87000, runway: 112 },
 [2m32[0m |   { month: '╪│╪ذ╪ز┘à╪ذ╪▒', cash: 76000, runway: 92 },
 [2m33[0m | ];
 [2m34[0m | 
 [2m35[0m | const riskDrivers = [
 [2m36[0m |   { label: '╪د╪▒╪ز┘╪د╪╣ ╪د┘╪▒┘ê╪د╪ز╪ذ', value: '72%', impact: 
'┘à╪▒╪ز┘╪╣' },
 [2m37[0m |   { label: '╪ز╪ث╪«╪▒ ╪د┘╪ز╪ص╪╡┘è┘', value: '54%', impact: 
'┘à╪ز┘ê╪│╪╖' },
 [2m38[0m |   { label: '╪ز┘â╪»╪│ ╪د┘┘à╪«╪▓┘ê┘', value: '41%', impact: 
'┘à╪ز┘ê╪│╪╖' },
 [2m39[0m | ];
 [2m40[0m | 
 [2m41[0m | const recommendations = [
 [2m42[0m |   '╪«┘╪╢ ╪د┘┘à╪╡╪▒┘ê┘╪د╪ز ╪د┘╪ز╪┤╪║┘è┘┘è╪ر ╪ذ┘╪│╪ذ╪ر 8% 
╪«┘╪د┘ 30 ┘è┘ê┘à╪د',
 [2m43[0m |   '╪ز╪│╪▒┘è╪╣ ╪ز╪ص╪╡┘è┘ ╪د┘┘┘ê╪د╪ز┘è╪▒ ┘ê╪╣╪▒╪╢ ╪«╪╡┘à 2% 
┘┘╪»┘╪╣ ╪د┘┘à╪ذ┘â╪▒',
 [2m44[0m |   '╪د╪│╪ز┘â╪┤╪د┘ ╪«╪╖ ╪ز┘à┘ê┘è┘ ╪▒╪ث╪│ ╪د┘┘à╪د┘ ╪د┘╪╣╪د┘à┘ 
┘é╪ذ┘ 20 ┘è┘ê┘┘è┘ê',
 [2m45[0m | ];
 [2m46[0m | 
 [2m47[0m | const financeOptions = [
 [2m48[0m |   { name: '╪«╪╖ ╪▒╪ث╪│ ╪د┘┘à╪د┘ ╪د┘╪╣╪د┘à┘', term: '12 
╪ث╪│╪ذ┘ê╪╣╪د', rate: '8.9%' },
 [2m49[0m |   { name: '┘é╪▒╪╢ ┘é╪╡┘è╪▒ ╪د┘╪ث╪ش┘', term: '6 ╪ث╪┤┘ç╪▒', 
rate: '11.2%' },
 [2m50[0m |   { name: '╪ز┘à┘ê┘è┘ ╪د┘┘┘ê╪د╪ز┘è╪▒', term: '3 ╪ث┘è╪د┘à', 
rate: '2.1%' },
 [2m51[0m | ];
 [2m52[0m | 
 [2m53[0m | import { AuthGuard } from '@/components/auth-guard';
    : [33;1m         ^^^^|^^^^[0m
    :              [33;1m`-- [33;1m`AuthGuard` redefined here[0m[0m
 [2m54[0m | 
 [2m55[0m | export default function DashboardPage() {
 [2m55[0m |   return (
    `----

Import trace for requested module:
./app/dashboard/page.tsx


> Build failed because of webpack errors
